  甇??斗閬???撠?...
  ???獢?冽??啁????舫脰?????
D:\Source\Private\XekuII\XekuII.Generator\Generators\CSharpCodeGenerator.cs(75,91): error CS1733: 敹??舫?蝞? [D:\Source\Private\XekuII\XekuII.Generator\XekuII.Generator.csproj]
D:\Source\Private\XekuII\XekuII.Generator\Generators\CSharpCodeGenerator.cs(127,41): error CS1002: 敹???; [D:\Source\Private\XekuII\XekuII.Generator\XekuII.Generator.csproj]
D:\Source\Private\XekuII\XekuII.Generator\Generators\CSharpCodeGenerator.cs(184,41): error CS1002: 敹???; [D:\Source\Private\XekuII\XekuII.Generator\XekuII.Generator.csproj]
D:\Source\Private\XekuII\XekuII.Generator\Generators\CSharpCodeGenerator.cs(195,41): error CS1002: 敹???; [D:\Source\Private\XekuII\XekuII.Generator\XekuII.Generator.csproj]
D:\Source\Private\XekuII\XekuII.Generator\Generators\CSharpCodeGenerator.cs(236,41): error CS1002: 敹???; [D:\Source\Private\XekuII\XekuII.Generator\XekuII.Generator.csproj]
D:\Source\Private\XekuII\XekuII.Generator\Generators\CSharpCodeGenerator.cs(244,41): error CS1002: 敹???; [D:\Source\Private\XekuII\XekuII.Generator\XekuII.Generator.csproj]
D:\Source\Private\XekuII\XekuII.Generator\Generators\CSharpCodeGenerator.cs(282,37): error CS1002: 敹???; [D:\Source\Private\XekuII\XekuII.Generator\XekuII.Generator.csproj]
D:\Source\Private\XekuII\XekuII.Generator\Generators\CSharpCodeGenerator.cs(351,72): error CS1039: ?芰???摮葡撣詨?[D:\Source\Private\XekuII\XekuII.Generator\XekuII.Generator.csproj]
D:\Source\Private\XekuII\XekuII.Generator\Generators\CSharpCodeGenerator.cs(351,73): error CS1002: 敹???; [D:\Source\Private\XekuII\XekuII.Generator\XekuII.Generator.csproj]
D:\Source\Private\XekuII\XekuII.Generator\Generators\CSharpCodeGenerator.cs(369,67): error CS1039: ?芰???摮葡撣詨?[D:\Source\Private\XekuII\XekuII.Generator\XekuII.Generator.csproj]
D:\Source\Private\XekuII\XekuII.Generator\Generators\CSharpCodeGenerator.cs(369,68): error CS1002: 敹???; [D:\Source\Private\XekuII\XekuII.Generator\XekuII.Generator.csproj]
D:\Source\Private\XekuII\XekuII.Generator\Generators\CSharpCodeGenerator.cs(376,70): error CS1039: ?芰???摮葡撣詨?[D:\Source\Private\XekuII\XekuII.Generator\XekuII.Generator.csproj]
D:\Source\Private\XekuII\XekuII.Generator\Generators\CSharpCodeGenerator.cs(376,71): error CS1002: 敹???; [D:\Source\Private\XekuII\XekuII.Generator\XekuII.Generator.csproj]
D:\Source\Private\XekuII\XekuII.Generator\Generators\CSharpCodeGenerator.cs(408,41): error CS1002: 敹???; [D:\Source\Private\XekuII\XekuII.Generator\XekuII.Generator.csproj]
D:\Source\Private\XekuII\XekuII.Generator\Generators\CSharpCodeGenerator.cs(423,41): error CS1002: 敹???; [D:\Source\Private\XekuII\XekuII.Generator\XekuII.Generator.csproj]
D:\Source\Private\XekuII\XekuII.Generator\Generators\CSharpCodeGenerator.cs(471,78): error CS1010: 撣豢銝剖??急銵???[D:\Source\Private\XekuII\XekuII.Generator\XekuII.Generator.csproj]
D:\Source\Private\XekuII\XekuII.Generator\Generators\CSharpCodeGenerator.cs(471,81): error CS1002: 敹???; [D:\Source\Private\XekuII\XekuII.Generator\XekuII.Generator.csproj]
D:\Source\Private\XekuII\XekuII.Generator\Generators\CSharpCodeGenerator.cs(474,37): error CS1002: 敹???; [D:\Source\Private\XekuII\XekuII.Generator\XekuII.Generator.csproj]
D:\Source\Private\XekuII\XekuII.Generator\Generators\CSharpCopilotGenerator.cs(72,100): error CS8086: ?典榆鋆?銝脖葉嚗??? '}' 摮??詨 (???拇活)??[D:\Source\Private\XekuII\XekuII.Generator\XekuII.Generator.csproj]
D:\Source\Private\XekuII\XekuII.Generator\Generators\CSharpCopilotGenerator.cs(98,65): error CS1026: 敹???) [D:\Source\Private\XekuII\XekuII.Generator\XekuII.Generator.csproj]
D:\Source\Private\XekuII\XekuII.Generator\Generators\CSharpCopilotGenerator.cs(98,66): error CS1010: 撣豢銝剖??急銵???[D:\Source\Private\XekuII\XekuII.Generator\XekuII.Generator.csproj]
D:\Source\Private\XekuII\XekuII.Generator\Generators\CSharpCopilotGenerator.cs(98,69): error CS1002: 敹???; [D:\Source\Private\XekuII\XekuII.Generator\XekuII.Generator.csproj]
D:\Source\Private\XekuII\XekuII.Generator\Generators\CSharpCopilotGenerator.cs(116,65): error CS1026: 敹???) [D:\Source\Private\XekuII\XekuII.Generator\XekuII.Generator.csproj]
D:\Source\Private\XekuII\XekuII.Generator\Generators\CSharpCopilotGenerator.cs(116,66): error CS1010: 撣豢銝剖??急銵???[D:\Source\Private\XekuII\XekuII.Generator\XekuII.Generator.csproj]
D:\Source\Private\XekuII\XekuII.Generator\Generators\CSharpCopilotGenerator.cs(116,69): error CS1002: 敹???; [D:\Source\Private\XekuII\XekuII.Generator\XekuII.Generator.csproj]
D:\Source\Private\XekuII\XekuII.Generator\Generators\CSharpCopilotGenerator.cs(127,82): error CS1002: 敹???; [D:\Source\Private\XekuII\XekuII.Generator\XekuII.Generator.csproj]
D:\Source\Private\XekuII\XekuII.Generator\Generators\CSharpCopilotGenerator.cs(127,82): error CS1513: 敹???} [D:\Source\Private\XekuII\XekuII.Generator\XekuII.Generator.csproj]
D:\Source\Private\XekuII\XekuII.Generator\Generators\CSharpCopilotGenerator.cs(127,98): error CS1003: 隤??航炊嚗?? ',' [D:\Source\Private\XekuII\XekuII.Generator\XekuII.Generator.csproj]
D:\Source\Private\XekuII\XekuII.Generator\Generators\CSharpCopilotGenerator.cs(127,99): error CS1002: 敹???; [D:\Source\Private\XekuII\XekuII.Generator\XekuII.Generator.csproj]
D:\Source\Private\XekuII\XekuII.Generator\Generators\CSharpCopilotGenerator.cs(127,99): error CS1010: 撣豢銝剖??急銵???[D:\Source\Private\XekuII\XekuII.Generator\XekuII.Generator.csproj]
D:\Source\Private\XekuII\XekuII.Generator\Generators\CSharpCopilotGenerator.cs(127,102): error CS1002: 敹???; [D:\Source\Private\XekuII\XekuII.Generator\XekuII.Generator.csproj]
D:\Source\Private\XekuII\XekuII.Generator\Generators\CSharpCopilotGenerator.cs(131,66): error CS8086: ?典榆鋆?銝脖葉嚗??? '}' 摮??詨 (???拇活)??[D:\Source\Private\XekuII\XekuII.Generator\XekuII.Generator.csproj]

撱箇蔭憭望???

D:\Source\Private\XekuII\XekuII.Generator\Generators\CSharpCodeGenerator.cs(75,91): error CS1733: 敹??舫?蝞? [D:\Source\Private\XekuII\XekuII.Generator\XekuII.Generator.csproj]
D:\Source\Private\XekuII\XekuII.Generator\Generators\CSharpCodeGenerator.cs(127,41): error CS1002: 敹???; [D:\Source\Private\XekuII\XekuII.Generator\XekuII.Generator.csproj]
D:\Source\Private\XekuII\XekuII.Generator\Generators\CSharpCodeGenerator.cs(184,41): error CS1002: 敹???; [D:\Source\Private\XekuII\XekuII.Generator\XekuII.Generator.csproj]
D:\Source\Private\XekuII\XekuII.Generator\Generators\CSharpCodeGenerator.cs(195,41): error CS1002: 敹???; [D:\Source\Private\XekuII\XekuII.Generator\XekuII.Generator.csproj]
D:\Source\Private\XekuII\XekuII.Generator\Generators\CSharpCodeGenerator.cs(236,41): error CS1002: 敹???; [D:\Source\Private\XekuII\XekuII.Generator\XekuII.Generator.csproj]
D:\Source\Private\XekuII\XekuII.Generator\Generators\CSharpCodeGenerator.cs(244,41): error CS1002: 敹???; [D:\Source\Private\XekuII\XekuII.Generator\XekuII.Generator.csproj]
D:\Source\Private\XekuII\XekuII.Generator\Generators\CSharpCodeGenerator.cs(282,37): error CS1002: 敹???; [D:\Source\Private\XekuII\XekuII.Generator\XekuII.Generator.csproj]
D:\Source\Private\XekuII\XekuII.Generator\Generators\CSharpCodeGenerator.cs(351,72): error CS1039: ?芰???摮葡撣詨?[D:\Source\Private\XekuII\XekuII.Generator\XekuII.Generator.csproj]
D:\Source\Private\XekuII\XekuII.Generator\Generators\CSharpCodeGenerator.cs(351,73): error CS1002: 敹???; [D:\Source\Private\XekuII\XekuII.Generator\XekuII.Generator.csproj]
D:\Source\Private\XekuII\XekuII.Generator\Generators\CSharpCodeGenerator.cs(369,67): error CS1039: ?芰???摮葡撣詨?[D:\Source\Private\XekuII\XekuII.Generator\XekuII.Generator.csproj]
D:\Source\Private\XekuII\XekuII.Generator\Generators\CSharpCodeGenerator.cs(369,68): error CS1002: 敹???; [D:\Source\Private\XekuII\XekuII.Generator\XekuII.Generator.csproj]
D:\Source\Private\XekuII\XekuII.Generator\Generators\CSharpCodeGenerator.cs(376,70): error CS1039: ?芰???摮葡撣詨?[D:\Source\Private\XekuII\XekuII.Generator\XekuII.Generator.csproj]
D:\Source\Private\XekuII\XekuII.Generator\Generators\CSharpCodeGenerator.cs(376,71): error CS1002: 敹???; [D:\Source\Private\XekuII\XekuII.Generator\XekuII.Generator.csproj]
D:\Source\Private\XekuII\XekuII.Generator\Generators\CSharpCodeGenerator.cs(408,41): error CS1002: 敹???; [D:\Source\Private\XekuII\XekuII.Generator\XekuII.Generator.csproj]
D:\Source\Private\XekuII\XekuII.Generator\Generators\CSharpCodeGenerator.cs(423,41): error CS1002: 敹???; [D:\Source\Private\XekuII\XekuII.Generator\XekuII.Generator.csproj]
D:\Source\Private\XekuII\XekuII.Generator\Generators\CSharpCodeGenerator.cs(471,78): error CS1010: 撣豢銝剖??急銵???[D:\Source\Private\XekuII\XekuII.Generator\XekuII.Generator.csproj]
D:\Source\Private\XekuII\XekuII.Generator\Generators\CSharpCodeGenerator.cs(471,81): error CS1002: 敹???; [D:\Source\Private\XekuII\XekuII.Generator\XekuII.Generator.csproj]
D:\Source\Private\XekuII\XekuII.Generator\Generators\CSharpCodeGenerator.cs(474,37): error CS1002: 敹???; [D:\Source\Private\XekuII\XekuII.Generator\XekuII.Generator.csproj]
D:\Source\Private\XekuII\XekuII.Generator\Generators\CSharpCopilotGenerator.cs(72,100): error CS8086: ?典榆鋆?銝脖葉嚗??? '}' 摮??詨 (???拇活)??[D:\Source\Private\XekuII\XekuII.Generator\XekuII.Generator.csproj]
D:\Source\Private\XekuII\XekuII.Generator\Generators\CSharpCopilotGenerator.cs(98,65): error CS1026: 敹???) [D:\Source\Private\XekuII\XekuII.Generator\XekuII.Generator.csproj]
D:\Source\Private\XekuII\XekuII.Generator\Generators\CSharpCopilotGenerator.cs(98,66): error CS1010: 撣豢銝剖??急銵???[D:\Source\Private\XekuII\XekuII.Generator\XekuII.Generator.csproj]
D:\Source\Private\XekuII\XekuII.Generator\Generators\CSharpCopilotGenerator.cs(98,69): error CS1002: 敹???; [D:\Source\Private\XekuII\XekuII.Generator\XekuII.Generator.csproj]
D:\Source\Private\XekuII\XekuII.Generator\Generators\CSharpCopilotGenerator.cs(116,65): error CS1026: 敹???) [D:\Source\Private\XekuII\XekuII.Generator\XekuII.Generator.csproj]
D:\Source\Private\XekuII\XekuII.Generator\Generators\CSharpCopilotGenerator.cs(116,66): error CS1010: 撣豢銝剖??急銵???[D:\Source\Private\XekuII\XekuII.Generator\XekuII.Generator.csproj]
D:\Source\Private\XekuII\XekuII.Generator\Generators\CSharpCopilotGenerator.cs(116,69): error CS1002: 敹???; [D:\Source\Private\XekuII\XekuII.Generator\XekuII.Generator.csproj]
D:\Source\Private\XekuII\XekuII.Generator\Generators\CSharpCopilotGenerator.cs(127,82): error CS1002: 敹???; [D:\Source\Private\XekuII\XekuII.Generator\XekuII.Generator.csproj]
D:\Source\Private\XekuII\XekuII.Generator\Generators\CSharpCopilotGenerator.cs(127,82): error CS1513: 敹???} [D:\Source\Private\XekuII\XekuII.Generator\XekuII.Generator.csproj]
D:\Source\Private\XekuII\XekuII.Generator\Generators\CSharpCopilotGenerator.cs(127,98): error CS1003: 隤??航炊嚗?? ',' [D:\Source\Private\XekuII\XekuII.Generator\XekuII.Generator.csproj]
D:\Source\Private\XekuII\XekuII.Generator\Generators\CSharpCopilotGenerator.cs(127,99): error CS1002: 敹???; [D:\Source\Private\XekuII\XekuII.Generator\XekuII.Generator.csproj]
D:\Source\Private\XekuII\XekuII.Generator\Generators\CSharpCopilotGenerator.cs(127,99): error CS1010: 撣豢銝剖??急銵???[D:\Source\Private\XekuII\XekuII.Generator\XekuII.Generator.csproj]
D:\Source\Private\XekuII\XekuII.Generator\Generators\CSharpCopilotGenerator.cs(127,102): error CS1002: 敹???; [D:\Source\Private\XekuII\XekuII.Generator\XekuII.Generator.csproj]
D:\Source\Private\XekuII\XekuII.Generator\Generators\CSharpCopilotGenerator.cs(131,66): error CS8086: ?典榆鋆?銝脖葉嚗??? '}' 摮??詨 (???拇活)??[D:\Source\Private\XekuII\XekuII.Generator\XekuII.Generator.csproj]
    0 ?郎??
    32 ?隤?

蝬??? 00:00:01.00
